// Jest Snapshot v1, https://goo.gl/fbAQLP

exports[`DeleteComments Should render the Delete Comments Page 1`] = `
<DocumentFragment>
  <div
    class="p-3 page container-sm"
  >
    <div
      class="row"
    >
      <div
        class="text-center col"
      >
        Sorry, no comments found
      </div>
    </div>
  </div>
</DocumentFragment>
`;
